// Vitest Snapshot v1, https://vitest.dev/guide/snapshot.html

exports[`should make a nice template 1`] = `
"
import {compile} from 'handlebars';

export const __default = compile<{
	name: string;
}>(\\"hello, {{{name}}}!\\");
export default __default;
  "
`;
